ak_spi.c:668:13:spi_rxdword	4	static
ak_spi.c:530:13:ak_spi_start_txrx.isra.4	0	static
ak_spi.c:102:6:spi_init	0	static
ak_spi.c:194:6:spi_sharepin_cfg	0	static
ak_spi.c:399:19:spi_setup_slave	32	static
ak_spi.c:446:6:spi_free_slave	0	static
ak_spi.c:463:6:spi_cs_activate	0	static
ak_spi.c:480:6:spi_cs_deactivate	0	static
ak_spi.c:497:5:spi_claim_bus	0	static
ak_spi.c:513:6:spi_release_bus	0	static
ak_spi.c:816:5:ak_spi_read_cpu	24	static
ak_spi.c:848:5:ak_spi_write_cpu	24	static
ak_spi.c:982:5:ak_spi_write_internal	24	static
ak_spi.c:1026:5:ak_spi_read_internal	40	static
ak_spi.c:1091:5:ak_spi_write	24	static
ak_spi.c:1133:5:ak_spi_read	24	static
ak_spi.c:1193:5:ak_spi_txrx	8	static
ak_spi.c:1216:5:spi_xfer	24	static
ak_spi.c:1273:5:spi_cs_is_valid	0	static
