ak_flash.c:542:12:spl_memsize_parse	8	static
ak_flash.c:62:15:flash_init	16	static
ak_flash.c:105:6:flash_print_info	32	static
ak_flash.c:142:5:flash_erase	24	static
ak_flash.c:213:5:write_buff	8	static
ak_flash.c:263:15:spinand_flash_init	16	static
ak_flash.c:349:6:enable_ao_module_wr_rd	0	static
ak_flash.c:356:6:disable_ao_module_wr_rd	0	static
ak_flash.c:363:6:wait_ao_module_rdy	0	static
ak_flash.c:369:6:write_ao_module_reg	16	static
ak_flash.c:394:15:read_ao_module_reg	16	static
ak_flash.c:434:6:efuse_from_always_on_trimming_for_voltage_test	8	static
ak_flash.c:480:15:efuse_read	16	static
ak_flash.c:676:5:spl_device_parse	88	static
ak_flash.c:749:5:get_mtdparts_by_partition_name	32	static
ak_flash.c:776:5:get_mtdparts_by_partition_flash_offset	40	static
ak_flash.c:803:5:read_logo_data	24	static
ak_flash.c:866:6:spl_fdt_set_totalsize	0	static
ak_flash.c:875:5:spl_fdt_check_header	0	static
ak_flash.c:904:13:spl_fdt_offset_ptr	8	static
ak_flash.c:922:10:spl_fdt_next_tag	24	static
ak_flash.c:984:12:spl_1_nextprop	24	static
ak_flash.c:974:5:spl_1_fdt_check_node_offset	16	static
ak_flash.c:1009:5:spl_fdt_first_property_offset	8	static
ak_flash.c:1020:5:spl_1_fdt_check_prop_offset	16	static
ak_flash.c:1030:5:spl_fdt_next_property_offset	8	static
ak_flash.c:1039:28:spl_fdt_get_property_by_offset	16	static
ak_flash.c:1061:13:spl_fdt_string	0	static
ak_flash.c:1076:28:spl_fdt_get_property_namelen	32	static
ak_flash.c:1101:13:spl_fdt_getprop_namelen	16	static
ak_flash.c:1127:5:spl_fdt_next_node	24	static
ak_flash.c:1192:5:spl_fdt_subnode_offset_namelen	40	static
ak_flash.c:1213:5:spl_fdt_path_offset	24	static
ak_flash.c:1114:13:spl_fdt_get_alias_namelen	24	static
ak_flash.c:1254:13:spl_fdt_getprop	32	static
ak_flash.c:1261:28:spl_fdt_get_property	32	static
ak_flash.c:1342:5:spl_fdt_setprop	40	static
ak_flash.c:1363:5:pare_str_form_env	24	static
ak_flash.c:1392:5:spl_fdt_chosen	2088	static
ak_flash.c:1471:5:read_dtb_data	24	static
