80dffe00 T _NOR_BOOT_CFG
80dffe00 T __image_copy_start
80dffe00 T _start
80e00020 t _undefined_instruction
80e00024 t _software_interrupt
80e00028 t _prefetch_abort
80e0002c t _data_abort
80e00030 t _not_used
80e00034 t _irq
80e00038 t _fiq
80e00040 T _TEXT_BASE
80e00044 T _bss_start_ofs
80e00048 T _bss_end_ofs
80e0004c T _end_ofs
80e00050 T IRQ_STACK_START
80e00054 T FIQ_STACK_START
80e00058 T IRQ_STACK_START_IN
80e0005c t reset
80e00074 T c_runtime_cpu_setup
80e00078 t cpu_init_crit
80e0007c t flush_dcache
80e000c0 t undefined_instruction
80e00120 t software_interrupt
80e00180 t prefetch_abort
80e001e0 t data_abort
80e00240 t not_used
80e002a0 t irq
80e002e0 t irq_handler_check_status
80e0030c t irq_handler_exit
80e00320 t fiq
80e00368 T timer_init
80e00388 T get_ticks
80e003dc T get_timer_masked
80e003f8 T get_timer
80e0040c T udelay_masked
80e004b8 T __udelay
80e004bc T clk_get_core_pll_freq
80e004f4 T get_vclk
80e0051c T get_asic_freq
80e00544 t l2_frac_dma
80e005f4 t l2_get_addr
80e00654 t l2_cpu
80e00870 T l2_init
80e008c0 T l2_get_status
80e008f4 T l2_combuf_cpu
80e009e4 T l2_combuf_cpu_frac
80e00a04 T l2_combuf_dma
80e00bf4 T l2_set_status
80e00c30 T l2_clr_status
80e00c64 t l2_clear_dma
80e00d64 T l2_combuf_wait_dma_finish
80e00ecc T l2_alloc
80e01020 T l2_free
80e01104 T ak39_soft_reset
80e0116c T ak_soft_reset
80e01170 t default_isr
80e01180 T ak_do_irq
80e01198 T ak_irq_install_handler
80e011cc T ak_arch_interrupt_init
80e011fc T cleanup_before_linux
80e0121c T flush_dcache_all
80e01230 T flush_dcache_range
80e0126c T flush_cache
80e01274 T __l2_cache_disable
80e01274 W l2_cache_disable
80e01278 T _main
80e012b8 t here
80e012c8 t clbss_l
80e012fc T relocate_code
80e0130c t copy_loop
80e01324 t fixloop
80e01344 t fixnext
80e0134c t relocate_done
80e01360 T __arch_cpu_init
80e01360 W arch_cpu_init
80e01368 t display_banner
80e01388 t init_baudrate
80e013b4 t mark_bootstage
80e013c8 T __coloured_LED_init
80e013c8 W coloured_LED_init
80e013cc T __red_led_on
80e013cc W red_led_on
80e013d0 T __dram_init_banksize
80e013d0 W dram_init_banksize
80e013ec T __power_init_board
80e013ec W power_init_board
80e013f4 T board_init_f
80e01540 T board_init_r
80e016a8 t boot_jump_linux
80e01760 T arch_lmb_reserve
80e01784 W setup_board_tags
80e01788 t boot_prep_linux
80e01894 T do_bootm_linux
80e018f0 T interrupt_init
80e01930 T enable_interrupts
80e01940 T disable_interrupts
80e0195c T bad_mode
80e0196c T show_regs
80e01aa8 T do_undefined_instruction
80e01ac8 T do_software_interrupt
80e01ae8 T do_prefetch_abort
80e01b08 T do_data_abort
80e01b28 T do_not_used
80e01b48 T do_fiq
80e01b68 T do_reset
80e01b9c T __enable_caches
80e01b9c W enable_caches
80e01ba0 t cp_delay
80e01bd0 T icache_disable
80e01bec T dcache_disable
80e01c14 W do_go_exec
80e01c24 t do_go
80e01c90 W arch_preboot_os
80e01c90 t __arch_preboot_os
80e01c94 t do_bootm_states.isra.16.constprop.17
80e02538 T do_bootm
80e02628 T bootm_maybe_autostart
80e026a0 T do_fat_fsload
80e026b8 t do_fat_ls
80e026d0 t do_fat_fsinfo
80e02760 t fdt_valid
80e02858 t is_printable_string
80e028f0 t print_data
80e02a74 T set_working_fdt_addr
80e02a90 t do_fdt
80e03ad4 t do_help
80e03b1c t bin_data_init
80e03b48 t k_data_save
80e03b94 t k_data_restore
80e03be0 t load_serial_ymodem
80e03ce8 t getcxmodem
80e03d08 t bin_data_char
80e03d34 t chk1.constprop.1
80e03d60 t s1_sendpacket.constprop.2
80e03db0 t do_load_serial_bin
80e0458c T read_envbk_spec
80e0463c T do_format
80e0465c t do_mem_base
80e0469c t do_mem_mw
80e04780 t do_mem_cmp
80e048dc t do_mem_loop
80e049c8 t do_mem_md
80e04ab4 t do_mem_cp
80e04be4 T do_mem_crc
80e04c80 t mod_mem.isra.3
80e04e10 t do_mem_mm
80e04e18 t do_mem_nm
80e04e20 t do_mmcops
80e052bc t do_mmcinfo
80e0546c t part_delall
80e054b0 t memsize_parse
80e05530 t memsize_format
80e055c4 t generate_mtdparts_save.constprop.7
80e058cc t device_delall.constprop.9
80e05930 t get_mtd_info.constprop.10
80e059a8 t part_validate
80e05d08 T device_find
80e05d54 T mtd_id_parse
80e05e70 T mtd_part_info
80e05f08 T find_dev_and_part
80e060b8 t index_partitions
80e06174 t current_save
80e06230 t mtd_devices_init
80e0625c t device_del
80e062d8 t part_sort_add
80e063f4 t device_parse
80e069dc T mtdparts_init
80e07054 t do_chpart
80e07128 t do_mtdparts
80e07714 t netboot_common
80e079d8 t do_bootp
80e079e4 T do_tftpb
80e07a24 t do_ping
80e07aa0 t do_env_delete
80e07b3c t do_env_save
80e07b50 t do_env
80e07bb4 t env_print
80e07c74 t do_env_print
80e07d3c t do_env_import
80e07f84 t do_env_default
80e0802c t _do_env_set.isra.0
80e081e4 t do_env_set
80e08200 T get_env_id
80e08210 T setenv
80e08268 T setenv_ulong
80e08288 T setenv_hex
80e082bc t do_env_export
80e08528 T envmatch
80e08594 T getenv_f
80e0865c T getenv
80e086d4 T getenv_hex
80e08710 T getenv_ulong
80e08740 t partitions_mtdparts_parse
80e0890c t upgrade_progress_bar_draw.part.0.constprop.7
80e08a14 T do_sd_upgrade
80e08fdc t upgarde_file_partitions_check
80e09104 t upgrade_file_data_partition_check
80e09114 t upgrade_file_tuya_partition_check
80e09124 t upgrade_file_app_partition_check
80e09134 t upgrade_file_usr_partition_check
80e09144 t upgrade_file_config_partition_check
80e09154 t upgrade_file_rootfs_partition_check
80e09164 t upgrade_file_logo_partition_check
80e09174 t upgrade_file_uImage_partition_check
80e09184 t upgrade_file_dtb_partition_check
80e09194 t upgrade_file_envbkimg_partition_check
80e091a4 t upgrade_file_envimg_partition_check
80e091b4 t upgarde_file_uboot_partition_check
80e091c4 t do_spi_flash_probe
80e09350 t show_time
80e09444 t spi_test_next_stage
80e09488 t do_spi_flash
80e09c70 t do_uuid_check
80e09f94 t do_version
80e09fcc T find_cmd_tbl
80e0a070 T find_cmd
80e0a098 T cmd_usage
80e0a0f8 T _do_help
80e0a278 T var_complete
80e0a2f4 T cmd_auto_complete
80e0a764 T cmd_get_data_size
80e0a7c0 T cmd_process
80e0a87c t console_setfile
80e0a920 T fgetc
80e0a944 T ftstc
80e0a968 T getc
80e0a98c T tstc
80e0a9b0 T putc
80e0a9e0 T puts
80e0aa10 T printf
80e0aa5c T vprintf
80e0aa98 T ctrlc
80e0aaf0 T disable_ctrlc
80e0ab08 T had_ctrlc
80e0ab18 T clear_ctrlc
80e0ab2c T search_device
80e0ab54 T console_assign
80e0ab9c t on_console
80e0ac5c T console_init_f
80e0ac6c T stdio_print_current_devices
80e0ad1c T console_init_r
80e0adfc T sbrk
80e0ae6c T mem_malloc_init
80e0aeac T malloc_trim
80e0af78 T free
80e0b1ac T malloc
80e0b7b8 T calloc
80e0b88c T memalign
80e0b998 T env_attr_walk
80e0baa8 T env_attr_lookup
80e0bc34 t clear_callback
80e0bc44 t find_env_callback
80e0bcac t on_callbacks
80e0bcf4 t set_callback
80e0bd88 T env_callback_init
80e0be28 W env_get_char_spec
80e0be28 t __env_get_char_spec
80e0be34 T env_get_addr
80e0be54 T env_get_char_memory
80e0be64 T env_get_char
80e0be94 T getenv_yesno
80e0bed4 T getenv_default
80e0bf04 T set_default_env
80e0bfb0 T set_default_vars
80e0bfe8 T env_import
80e0c1b8 T env_relocate
80e0c1e8 T env_complete
80e0c2d0 t skip_num
80e0c340 t clear_flags
80e0c350 t on_flags
80e0c398 T env_flags_parse_vartype
80e0c3e8 T env_flags_parse_varaccess
80e0c440 t set_flags
80e0c4ec T env_flags_init
80e0c59c T env_flags_validate
80e0c8bc T saveenv
80e0ca4c T env_relocate_spec
80e0caf0 T env_init
80e0cb0c t dummy
80e0cb10 T get_version
80e0cb18 T jumptable_init
80e0cca8 t get_cells_len
80e0ccf8 T fdt_initrd
80e0cee0 T fdt_chosen
80e0cfec T fdt_fixup_memory_banks
80e0d244 T fdt_fixup_memory
80e0d264 T fdt_resize
80e0d374 T addr2info
80e0d3c0 T flash_write
80e0d514 T flash_perror
80e0d5fc t fdt_error
80e0d628 T boot_fdt_add_mem_rsv_regions
80e0d6b0 T boot_relocate_fdt
80e0d83c T boot_get_fdt
80e0db04 W ft_verify_fdt
80e0db0c T image_setup_libfdt
80e0dc1c t on_loadaddr
80e0dc54 T image_check_hcrc
80e0dcb4 T image_check_dcrc
80e0dd14 T image_multi_count
80e0dd30 T image_multi_getimg
80e0ddd8 T getenv_bootm_low
80e0de08 T getenv_bootm_size
80e0de64 T getenv_bootm_mapsize
80e0de94 T memmove_wd
80e0dea0 T genimg_print_size
80e0ded0 T get_table_entry_name
80e0defc T genimg_get_os_name
80e0df14 T genimg_get_arch_name
80e0df2c T genimg_get_type_name
80e0df44 T genimg_get_comp_name
80e0df5c T image_print_contents
80e0e10c T genimg_get_format
80e0e158 T genimg_get_image
80e0e15c T genimg_has_config
80e0e164 T boot_get_ramdisk
80e0e3c8 T boot_ramdisk_high
80e0e4f8 T image_setup_linux
80e0e584 T lcd_get_size
80e0e5c8 T lcd_sync
80e0e608 T drv_lcd_init
80e0e728 T lcd_clear
80e0e7ac t do_lcd_clear
80e0e7bc T lcd_setmem
80e0e800 t delete_char.part.1
80e0e8d0 t cread_add_char
80e0e9b8 T __show_boot_progress
80e0e9b8 W show_boot_progress
80e0e9bc T readline_into_buffer
80e0f36c T readline
80e0f380 T parse_line
80e0f408 t builtin_run_command
80e0f74c T run_command
80e0f764 T run_command_list
80e0f850 T main_loop
80e0fb3c T do_run
80e0fbb4 T get_ram_size
80e0fc98 t img_data_cb
80e0fd04 t input_func
80e0fd6c T uboot_logo_sjpg_decode
80e0fe18 T stdio_get_list
80e0fe24 T stdio_get_by_name
80e0fe80 T stdio_clone
80e0feb8 T stdio_register
80e0fef4 T stdio_init
80e0ff84 t alloc_pool
80e0ffbc t bitext
80e100a4 t huffext
80e101fc T jd_prepare
80e108dc T jd_decomp
80e1150c t CYGACC_COMM_IF_GETC_TIMEOUT.isra.0
80e11568 t xyzModem_flush
80e11584 t xyzModem_get_hdr
80e117b8 T xyzModem_stream_open
80e119f4 T xyzModem_stream_read
80e11c4c T xyzModem_stream_close
80e11ca0 T xyzModem_stream_terminate
80e11d34 T xyzModem_error
80e11d54 T get_dev
80e11dc8 T dev_print
80e11fe0 T init_part
80e12000 T print_part
80e120e4 T get_partition_info
80e1210c T get_device
80e12190 T get_device_and_partition
80e125d0 t test_block_type
80e126cc t print_partition_extended
80e1298c t get_partition_info_extended.constprop.2
80e12c24 T test_part_dos
80e12cb8 T print_part_dos
80e12cec T get_partition_info_dos
80e12dd8 T gpio_set_pin_level
80e12e48 T gpio_set_pin_dir
80e12e9c T gpio_direction_output
80e12ec4 T gpio_set_pin_as_gpio
80e12f58 t mmc_set_capacity
80e13004 W board_mmc_getwp
80e1300c T mmc_getwp
80e13040 T __board_mmc_getcd
80e13040 W board_mmc_getcd
80e13048 T mmc_send_cmd
80e13050 t mmc_go_idle
80e13078 t mmc_send_op_cond_iter
80e130f8 t mmc_send_ext_csd
80e13144 T mmc_send_status
80e13208 t mmc_switch.isra.1
80e1325c T mmc_set_blocklen
80e1328c T find_mmc_device
80e132d8 t mmc_bread
80e1342c T mmc_complete_op_cond
80e134b8 T mmc_switch_part
80e13504 T mmc_getcd
80e13538 T mmc_set_clock
80e13578 t mmc_startup
80e14104 T mmc_register
80e1418c T mmc_start_init
80e143fc T mmc_init
80e1448c T mmc_get_dev
80e144b8 T print_mmc_devices
80e14520 T get_mmc_num
80e14530 T mmc_initialize
80e14650 t ak_mmc_getcd
80e14658 t ak_mmc_getwp
80e14684 t ak_mmc_setup_gpio_in
80e146d0 t send_cmd.isra.3
80e14770 t ak_set_clock.isra.0.constprop.11
80e147dc t ak_mmc_init_setup
80e149cc t ak_mmc_send_cmd
80e14ca4 t ak_mmc_set_ios
80e14d48 T ak_sdhsmmc_init
80e14ef8 T sd_init_info
80e1508c T mmc_berase
80e15224 T mmc_bwrite
80e15384 T add_mtd_device
80e1540c T get_mtd_device_nm
80e15478 t spi_flash_read_write
80e154ec T spi_flash_cmd_read
80e1550c T spi_flash_cmd
80e15538 T spi_flash_cmd_write
80e15558 T spi_flash_probe
80e15b04 T spi_flash_free
80e15b20 t spi_flash_addr
80e15b50 T spi_flash_cmd_wait_ready
80e15c28 T show_spi_flash_reg
80e15c60 T spi_flash_quad_mode_enable
80e15cc8 T spi_flash_write_common
80e15d68 T spi_flash_gd25q128c_cmd_write_status
80e15de0 T spi_flash_cmd_write_status
80e15eb8 T spi_flash_xmc_cmd_write_status
80e15ee4 t spi_flash_cmd_bankaddr_write
80e15f38 T spi_flash_write_common_volatile
80e15fd8 T spi_flash_winbond_cmd_write_status_volatile
80e16090 T spi_flash_cmd_erase_ops
80e16320 T spi_flash_read_common
80e1637c T spi_flash_cmd_read_status
80e16454 T spi_flash_xmc_cmd_read_status
80e1652c T spi_flash_write_extra
80e16618 T spi_flash_cmd_write_ops_extra
80e16700 T spi_flash_read_extra
80e167a0 T spi_flash_cmd_read_ops_extra
80e168cc t serial_init_dev
80e16990 T akserial0_init
80e16998 T akserial1_init
80e169a0 T akserial1_setbrg
80e169a4 T akserial0_setbrg
80e169a8 T _serial_getc
80e16a64 T akserial0_getc
80e16a6c T akserial1_getc
80e16a74 T _serial_putc
80e16ae4 T akserial0_putc
80e16aec T akserial1_putc
80e16af4 T _serial_tstc
80e16b34 T akserial0_tstc
80e16b3c T akserial1_tstc
80e16b44 T _serial_puts
80e16b84 T akserial0_puts
80e16b8c T akserial1_puts
80e16b94 W default_serial_console
80e16ba0 T ak39_serial_initialize
80e16bc0 t get_current
80e16c00 W altera_jtag_serial_initialize
80e16c00 W altera_serial_initialize
80e16c00 W amirix_serial_initialize
80e16c00 W arm_dcc_initialize
80e16c00 W asc_serial_initialize
80e16c00 W atmel_serial_initialize
80e16c00 W au1x00_serial_initialize
80e16c00 W bfin_jtag_initialize
80e16c00 W bfin_serial_initialize
80e16c00 W bmw_serial_initialize
80e16c00 W clps7111_serial_initialize
80e16c00 W cogent_serial_initialize
80e16c00 W cpci750_serial_initialize
80e16c00 W evb64260_serial_initialize
80e16c00 W imx_serial_initialize
80e16c00 W iop480_serial_initialize
80e16c00 W ixp_serial_initialize
80e16c00 W jz_serial_initialize
80e16c00 W ks8695_serial_initialize
80e16c00 W leon2_serial_initialize
80e16c00 W leon3_serial_initialize
80e16c00 W lh7a40x_serial_initialize
80e16c00 W lpc32xx_serial_initialize
80e16c00 W marvell_serial_initialize
80e16c00 W max3100_serial_initialize
80e16c00 W mcf_serial_initialize
80e16c00 W ml2_serial_initialize
80e16c00 W mpc512x_serial_initialize
80e16c00 W mpc5xx_serial_initialize
80e16c00 W mpc8260_scc_serial_initialize
80e16c00 W mpc8260_smc_serial_initialize
80e16c00 W mpc85xx_serial_initialize
80e16c00 W mpc8xx_serial_initialize
80e16c00 W mxc_serial_initialize
80e16c00 W mxs_auart_initialize
80e16c00 W ns16550_serial_initialize
80e16c00 W oc_serial_initialize
80e16c00 W p3mx_serial_initialize
80e16c00 W pl01x_serial_initialize
80e16c00 W pxa_serial_initialize
80e16c00 W s3c24xx_serial_initialize
80e16c00 W s5p_serial_initialize
80e16c00 W sa1100_serial_initialize
80e16c00 W sandbox_serial_initialize
80e16c00 W sconsole_serial_initialize
80e16c00 W sh_serial_initialize
80e16c00 W uartlite_serial_initialize
80e16c00 W zynq_serial_initalize
80e16c00 t serial_null
80e16c04 T serial_register
80e16c1c T serial_stdio_init
80e16ca8 T serial_assign
80e16cf4 T serial_initialize
80e16dc8 T serial_init
80e16ddc T serial_setbrg
80e16df0 t on_baudrate
80e16ee0 T serial_getc
80e16ef4 T serial_tstc
80e16f08 T serial_putc
80e16f24 T serial_puts
80e16f40 T spi_do_alloc_slave
80e16f84 t spi_rxdword
80e16fd4 t ak_spi_start_txrx.isra.4
80e17030 T spi_sharepin_cfg
80e17064 T spi_setup_slave
80e1720c T spi_free_slave
80e17210 T spi_cs_activate
80e17228 T spi_claim_bus
80e17230 T spi_release_bus
80e17234 T ak_spi_read_cpu
80e17390 T ak_spi_write_cpu
80e17514 T ak_spi_write_internal
80e17604 T ak_spi_read_internal
80e17754 T ak_spi_write
80e17820 T ak_spi_read
80e178d8 T spi_xfer
80e179c0 t rgb_panel_info_cfg
80e17c3c t mipi_panel_cmd_setting
80e17e74 t mpu_recover_buswidth.isra.4
80e17e94 t mpu_set_16bit_buswidth.isra.7
80e17ec4 t mpu_write_reg
80e17f10 t mpu_read_reg.isra.8
80e17fcc T ak_get_asic_pll_clk
80e18000 T ak_lcd_parameter_parse_dt1
80e18558 T ak_lcd_parameter_parse_dt2
80e18a10 T ak_lcd_parameter_parse_dt3
80e18bcc T lcd_ctrl_init
80e19828 T lcd_enable
80e19a78 T lcd_disable
80e19aa0 T wdt_enable
80e19ac8 T wdt_keepalive
80e19b04 t downcase
80e19b34 t disk_read
80e19b98 t dirdelim
80e19bc8 t get_fatent
80e19d24 t mkcksum
80e19d74 t get_cluster
80e19ee4 t get_name
80e19f90 t read_bootsectandvi
80e1a0b4 t slot2str
80e1a170 t get_vfatname
80e1a320 T fat_set_blk_dev
80e1a3ec T do_fat_read_at
80e1aebc T do_fat_read
80e1aee4 T file_fat_detectfs
80e1b02c T file_fat_ls
80e1b03c T file_fat_read_at
80e1b084 T fat_read_file
80e1b0c0 T fat_close
80e1b0c4 t fs_probe_unsupported
80e1b0dc t fs_ls_unsupported
80e1b0e4 t fs_read_unsupported
80e1b0ec t fs_write_unsupported
80e1b0f4 t fs_close_unsupported
80e1b0f8 t fs_get_info
80e1b118 t fs_close
80e1b140 T fs_set_blk_dev
80e1b1e0 T fs_ls
80e1b21c T fs_read
80e1b2a0 T do_load
80e1b480 T do_ls
80e1b4e8 T fdt_check_header
80e1b5ac T fdt_offset_ptr
80e1b638 T fdt_next_tag
80e1b75c T _fdt_check_node_offset
80e1b798 T _fdt_check_prop_offset
80e1b7d4 T fdt_next_node
80e1b88c T _fdt_find_string
80e1b8e8 T fdt_move
80e1b944 t _nextprop
80e1b9a0 T fdt_string
80e1b9c8 T fdt_get_mem_rsv
80e1ba90 T fdt_num_mem_rsv
80e1bb14 T fdt_subnode_offset_namelen
80e1bbe8 T fdt_get_name
80e1bc70 T fdt_first_property_offset
80e1bc90 T fdt_next_property_offset
80e1bcb0 T fdt_get_property_by_offset
80e1bd2c T fdt_get_property_namelen
80e1bde0 T fdt_get_property
80e1be1c T fdt_getprop_namelen
80e1be3c T fdt_getprop
80e1be78 T fdt_get_alias_namelen
80e1bec0 T fdt_path_offset
80e1bfac T fdt_supernode_atdepth_offset
80e1c064 T fdt_node_depth
80e1c08c T fdt_stringlist_contains
80e1c108 T fdt_node_check_compatible
80e1c148 T fdt_node_offset_by_compatible
80e1c1bc t _fdt_blocks_misordered
80e1c288 t _fdt_splice
80e1c33c t _fdt_splice_mem_rsv
80e1c3e4 t _fdt_splice_struct
80e1c480 t _fdt_packblocks
80e1c5c8 t _fdt_add_property
80e1c79c t _fdt_rw_check_header
80e1c824 T fdt_add_mem_rsv
80e1c910 T fdt_del_mem_rsv
80e1c980 T fdt_setprop
80e1ca64 T fdt_delprop
80e1cac8 T fdt_add_subnode_namelen
80e1cbcc T fdt_add_subnode
80e1cbfc T fdt_del_node
80e1cc70 T fdt_open_into
80e1cebc T fdt_strerror
80e1cf14 T _fdt_node_end_offset
80e1cf58 T cyg_crc16
80e1cfa0 T crc32_no_comp
80e1d078 T crc32
80e1d08c T crc32_wd
80e1d090 T print_size
80e1d1c0 T print_buffer
80e1d370 T __div64_32
80e1d440 t get_prop_check_min_len
80e1d47c T fdtdec_get_int
80e1d4cc T fdtdec_get_valoffset_int
80e1d524 T fdtdec_get_is_enabled
80e1d560 T fdtdec_next_compatible
80e1d570 T fdtdec_next_compatible_subnode_sta
80e1d5f8 T fdtdec_prepare_fdt
80e1d63c T fdtdec_check_fdt
80e1d64c T fdtdec_get_int_array
80e1d6c0 T fdtdec_get_bool
80e1d6dc T fdtdec_get_config_int
80e1d71c T fdtdec_get_config_string
80e1d758 T hang
80e1d774 t cmpkey
80e1d788 t _hdelete.isra.1
80e1d7d8 t drop_var_from_set.part.2
80e1d828 t match_string.isra.3
80e1d888 T hcreate_r
80e1d938 T hdestroy_r
80e1d9b0 T hmatch_r
80e1da50 T hsearch_r
80e1df2c T hdelete_r
80e1e004 T hexport_r
80e1e314 T himport_r
80e1e660 T hwalk_r
80e1e6b8 T skip_spaces
80e1e6e0 T strim
80e1e740 t lmb_add_region
80e1e8e4 T lmb_init
80e1e90c T lmb_add
80e1e910 T lmb_free
80e1ea14 T lmb_reserve
80e1ea1c T lmb_overlaps_region
80e1ea74 T __lmb_alloc_base
80e1eb7c T lmb_alloc_base
80e1ebb0 T lmb_alloc
80e1ebb8 T __board_lmb_reserve
80e1ebb8 W board_lmb_reserve
80e1ebbc t byteReverse
80e1ebf0 t MD5Transform
80e1f620 t MD5Update
80e1f700 t MD5Final
80e1f7cc T md5
80e1f834 T string_to_ip
80e1f8a8 T qsort
80e1f980 T strcmp_compar
80e1f98c T strcpy
80e1f9a4 T strncpy
80e1f9c8 T strcmp
80e1f9f4 T strncmp
80e1fa34 T strchr
80e1fa60 T strlen
80e1fa80 T strnlen
80e1faac T strdup
80e1faec T strspn
80e1fb28 T strpbrk
80e1fb64 T strtok
80e1fbec T memset
80e1fc48 T memcpy
80e1fcb4 T memmove
80e1fcfc T memcmp
80e1fd2c T strstr
80e1fd98 T memchr
80e1fdc8 T udelay
80e1fdf8 T mdelay
80e1fe1c t put_dec_trunc
80e1ff08 t put_dec
80e20054 t string.isra.0
80e200e8 t number.isra.4
80e20334 t vsnprintf_internal.isra.6
80e20948 T simple_strtoul
80e20a00 T strict_strtoul
80e20a78 T simple_strtol
80e20aa0 T simple_strtoull
80e20b7c T vsprintf
80e20b80 T sprintf
80e20ba8 T panic
80e20bec T simple_itoa
80e20c40 T ArpInit
80e20c90 T arp_raw_request
80e20d54 T ArpRequest
80e20df8 T ArpTimeoutCheck
80e20e7c t BootpHandler
80e211f4 T BootpRequest
80e21410 t BootpTimeout
80e21458 t eth_current_changed
80e214b8 T eth_parse_enetaddr
80e2150c T eth_getenv_enetaddr
80e21568 T eth_getenv_enetaddr_by_index
80e215b8 T eth_get_dev_index
80e215d4 T eth_halt
80e21604 T eth_send
80e2163c T eth_rx
80e21660 T eth_try_another
80e216e4 T eth_init
80e217c4 T eth_set_current
80e21868 T eth_get_name
80e21888 t startAgainTimeout
80e2189c t dummy_handler
80e218a0 t net_clear_handlers
80e218d4 T net_auto_load
80e2190c T NetStartAgain
80e21a60 T net_set_udp_handler
80e21a80 T NetSetTimeout
80e21ad0 T NetCksum
80e21b04 T NetEthHdrSize
80e21b44 T NetSetEther
80e21bec T net_set_ip_header
80e21c74 T net_set_udp_header
80e21d1c T NetSendUDPPacket
80e21e28 T copy_filename
80e21e6c t on_bootfile
80e21e98 T ip_to_string
80e21eec T string_to_VLAN
80e21f44 T getenv_VLAN
80e21f54 t NetInitLoop
80e22044 T net_init
80e220bc T NetLoop
80e223e0 t ping_timeout
80e223fc T ping_start
80e22528 t TftpSend
80e226f0 t TftpHandler
80e22a84 t TftpTimeout
80e22b0c T TftpStart
80e22e3c t _TEXT_BASE
80e22e40 T lowlevel_init
80e22e6c T board_early_init_f
80e22e7c T board_init
80e22e94 T dram_init
80e22eb4 t spl_memsize_parse
80e22f34 T flash_init
80e23008 T write_buff
80e23048 T spl_device_parse
80e23484 T get_mtdparts_by_partition_name
80e23500 T get_mtdparts_by_partition_flash_offset
80e2359c T read_logo_data
80e2365c T read_dtb_data
80e2371c T raise
80e23738 T __udivsi3
80e23738 t .udivsi3_skip_div0_test
80e23738 t __aeabi_uidiv
80e237e0 t __aeabi_uidivmod
80e23800 T __divsi3
80e23800 t __aeabi_idiv
80e23808 t .divsi3_skip_div0_test
80e238dc t __aeabi_idivmod
80e238fc T __lshrdi3
80e238fc t __aeabi_llsr
80e23918 T __ashldi3
80e23918 t __aeabi_llsl
80e23934 t __aeabi_uldivmod
80e23970 t __aeabi_idiv0
80e23970 t __aeabi_ldiv0
80e23980 T __gnu_ldivmod_helper
80e239bc t __gnu_uldivmod_helper
80e239f8 t __divdi3
80e23b54 t __udivdi3
80e23dd8 r CSWTCH.28
80e23df8 r block_drvr
80e23e08 r boot_os
80e23e20 r compat_names
80e23ed4 r crc_table
80e242d4 r env_flags_varaccess_mask
80e242e4 r ext_csd_bits.7035
80e242f0 r ext_to_hostcaps.7036
80e242fc r fdt_errtable
80e24330 r gpio_pin_dir_reg
80e2433c r gpio_pin_out_reg
80e24348 r spi_buses
80e24350 r spi_flash_params_table
80e24ba0 r stage_name
80e24bb0 r uimage_arch
80e24cb8 r uimage_comp
80e24d00 r uimage_os
80e24d60 r uimage_type
80e24e38 r widths.7037
80e24e44 r Ipsf
80e24ec4 r crc16_tab
80e250d2 r CSWTCH.62
80e250e8 r Clip8
80e254e8 r Zig
80e25528 r __FUNCTION__.6398
80e25538 r __FUNCTION__.7377
80e2554f r __func__.6428
80e2555e r __func__.6566
80e25568 r __func__.6616
80e25570 r __func__.6629
80e25580 r __func__.6646
80e2558b r __func__.6658
80e25593 r __func__.6682
80e2559d r __func__.6796
80e255ab r __func__.6830
80e255b9 r __func__.6873
80e255cf r __func__.6890
80e255e4 r __func__.6900
80e255f4 r __func__.6905
80e25601 r __func__.7063
80e25610 r __func__.7124
80e2561f r __func__.7134
80e25639 r __func__.7142
80e2564c r __func__.7147
80e25663 r __func__.7161
80e2567d r __func__.7230
80e25697 r __func__.7249
80e256a5 r __func__.7346
80e256b3 r __func__.7374
80e256c1 r __func__.7740
80e256d6 r __func__.7748
80e256e8 r __func__.7844
80e256f9 r __func__.7852
80e2570b r __func__.7871
80e2571a R _ctype
80e2581a R default_environment
80e25cfd r delims.6503
80e25d00 r digits.6507
80e25d10 r env_flags_varaccess_rep
80e25d15 r env_flags_vartype_rep
80e25d1c r erase_seq
80e25d20 r hex_asc
80e25d31 r names.6508
80e2dd52 r tab_seq
80e2dd5b V version_string
80e2dda8 d L2_INFO_TABLE
80e2ddc8 d DEVICE_INFO_TABLE
80e2de50 D init_sequence
80e2de80 d bootm_help_text
80e2e20c d cmd_bootm_sub
80e2e308 d tabs.7235
80e2e329 d root.7152
80e2e32b d fdt_help_text
80e2e910 d dp_last_length
80e2e914 d curr_device
80e2e918 d mtdparts_help_text
80e2edeb d env_help_text
80e2efdc d env_id
80e2efe0 d cmd_env_sub
80e2f0c0 d av_
80e2f4c8 d sbrk_base
80e2f4cc d trim_threshold
80e2f4d0 D env_htab
80e2f4e0 D load_addr
80e2f4e4 d hist_cur
80e2f4e8 D stdio_names
80e2f4f4 D ak_gpio_sharepin_as_gpio
80e2fca4 d cur_dev_num
80e2fca8 d status_reg_list
80e2ff60 d status_reg_list
80e30010 D ak39_serial0_device
80e30040 D ak39_serial1_device
80e30070 D panel_info
80e300dc d fstypes
80e3010c d first_call.6685
80e30110 D NetOurNativeVLAN
80e30112 D NetBcastAddr
80e30118 D NetOurVLAN
80e3011c d TftpTimeoutCountMax
80e30120 D TftpRRQTimeoutCountMax
80e30124 d TftpBlkSizeOption
80e30128 d TftpTimeoutMSecs
80e3012c d TftpBlkSize
80e3013c D _u_boot_list_2_cmd_2_base
80e3013c d start.6396
80e3013c d start.6400
80e3013c d start.6445
80e3013c d start.6449
80e3013c d start.6476
80e3013c d start.6480
80e30158 D _u_boot_list_2_cmd_2_bootm
80e30174 D _u_boot_list_2_cmd_2_bootp
80e30190 D _u_boot_list_2_cmd_2_chpart
80e301ac D _u_boot_list_2_cmd_2_cls
80e301c8 D _u_boot_list_2_cmd_2_cmp
80e301e4 D _u_boot_list_2_cmd_2_cp
80e30200 D _u_boot_list_2_cmd_2_crc32
80e3021c D _u_boot_list_2_cmd_2_env
80e30238 D _u_boot_list_2_cmd_2_fatinfo
80e30254 D _u_boot_list_2_cmd_2_fatload
80e30270 D _u_boot_list_2_cmd_2_fatls
80e3028c D _u_boot_list_2_cmd_2_fdt
80e302a8 D _u_boot_list_2_cmd_2_format
80e302c4 D _u_boot_list_2_cmd_2_go
80e302e0 D _u_boot_list_2_cmd_2_help
80e302fc D _u_boot_list_2_cmd_2_loadb
80e30318 D _u_boot_list_2_cmd_2_loadx
80e30334 D _u_boot_list_2_cmd_2_loady
80e30350 D _u_boot_list_2_cmd_2_loop
80e3036c D _u_boot_list_2_cmd_2_md
80e30388 D _u_boot_list_2_cmd_2_mm
80e303a4 D _u_boot_list_2_cmd_2_mmc
80e303c0 D _u_boot_list_2_cmd_2_mmcinfo
80e303dc D _u_boot_list_2_cmd_2_mtdparts
80e303f8 D _u_boot_list_2_cmd_2_mw
80e30414 D _u_boot_list_2_cmd_2_nm
80e30430 D _u_boot_list_2_cmd_2_ping
80e3044c D _u_boot_list_2_cmd_2_printenv
80e30468 D _u_boot_list_2_cmd_2_question_mark
80e30484 D _u_boot_list_2_cmd_2_reset
80e304a0 D _u_boot_list_2_cmd_2_run
80e304bc D _u_boot_list_2_cmd_2_saveenv
80e304d8 D _u_boot_list_2_cmd_2_sd_upgrade
80e304f4 D _u_boot_list_2_cmd_2_setenv
80e30510 D _u_boot_list_2_cmd_2_sf
80e3052c D _u_boot_list_2_cmd_2_tftpboot
80e30548 D _u_boot_list_2_cmd_2_uuid_check
80e30564 D _u_boot_list_2_cmd_2_version
80e30580 D _u_boot_list_2_env_clbk_2_baudrate
80e30580 d end.6403
80e30580 d end.6452
80e30580 d end.6483
80e30580 d start.6539
80e30580 d start.6546
80e30588 D _u_boot_list_2_env_clbk_2_bootfile
80e30590 D _u_boot_list_2_env_clbk_2_callbacks
80e30598 D _u_boot_list_2_env_clbk_2_console
80e305a0 D _u_boot_list_2_env_clbk_2_flags
80e305a8 D _u_boot_list_2_env_clbk_2_loadaddr
80e305b0 B __bss_base
80e305b0 B __bss_start
80e305b0 D __image_copy_end
80e305b0 D __rel_dyn_start
80e305b0 b s_L2_DMA
80e305b0 d end.6542
80e307b0 b IRQ_HANDLER
80e308b0 B part_num
80e308b4 B monitor_flash_len
80e308b8 b params
80e308bc B images
80e309ec b data.7126
80e30dec B working_fdt
80e30df0 b send_parms
80e30e04 b os_data_addr_saved
80e30e08 b his_pad_char
80e30e09 b a_b
80e30e24 b os_data_char
80e30e28 b os_data_state
80e30e2c b k_data_escape
80e30e30 b os_data_state_saved
80e30e34 b os_data_addr
80e30e38 b send_ptr
80e30e3c b his_pad_count
80e30e40 b bin_start_address
80e30e44 b his_quote
80e30e48 b os_data_init
80e30e4c b his_eol
80e30e50 b k_data_escape_saved
80e30e54 b dp_last_addr
80e30e58 b base_address
80e30e5c b mm_last_size
80e30e60 b mm_last_addr
80e30e64 b dp_last_size
80e30e68 b last_ids
80e30ee8 B current_mtd_dev
80e30eec b last_partition
80e30efc b last_parts
80e310fc B current_mtd_partnum
80e31100 b mtdids
80e31108 b devices
80e31110 b initialized.7339
80e31114 b flash
80e31118 b tmp_buf
80e31318 b tmp_buf.6466
80e31518 b ctrlc_was_pressed
80e3151c b ctrlc_disabled
80e31520 b max_total_mem
80e31524 B mem_malloc_brk
80e31528 b max_sbrked_mem
80e3152c b current_mallinfo
80e31554 B mem_malloc_end
80e31558 b top_pad
80e3155c B mem_malloc_start
80e31560 B env_flash
80e31564 b console_col
80e31568 b lcd_base
80e3156c b console_row
80e31570 b lcd_console_address
80e31574 b lcd_color_fg
80e31578 B lcd_line_length
80e3157c b lcd_color_bg
80e31580 B lcd_is_enabled
80e31581 b lcd_flush_dcache
80e31584 b hist_list
80e315d4 b hist_lines
80e33de8 b hist_max
80e33dec b hist_add_idx
80e33df0 b lastcommand.7240
80e33ff0 b initted.7375
80e33ff4 b hist_num
80e33ff8 B console_buffer
80e341fc b devs
80e34238 B stdio_devices
80e34244 b xyz
80e34678 b mmc_devices
80e34680 b sdhsmmc_dev
80e34ad0 B g_power_on_pin
80e34ad4 b sdhsmmc_dev_data
80e34b04 B mtd_table
80e34b84 b flash_QE_flag
80e34b88 B sflash_mtd
80e34c38 b l2_uartbuffer_offset
80e34c3c b serial_devices
80e34c40 b serial_current
80e34c44 B fb_dev
80e34c80 B do_fat_read_at_block
80e35e10 R __rel_dyn_end
80e35e10 R _end
80e44c80 B get_dentfromdir_block
80e54c80 b cur_part_info
80e54d00 B get_contents_vfatname_block
80e64d00 b cur_dev
80e64d04 b fs_partition
80e64d54 b fs_type
80e64d58 b fs_dev_desc
80e64d5c B errno
80e64d60 B ___strtok
80e64d64 b local.6686
80e64d7c B NetArpWaitPacketIP
80e64d80 B NetArpWaitTimerStart
80e64d84 b NetArpWaitReplyIP
80e64d88 B NetArpWaitTxPacketSize
80e64d8c B NetArpWaitTry
80e64d90 b NetArpTxPacket
80e64d94 b NetArpPacketBuf
80e653d4 B NetArpWaitPacketMAC
80e653d8 B BootpTry
80e653dc B BootpID
80e653e0 b first_failed.7075
80e653e4 B eth_current
80e653e8 b env_changed_id.7081
80e653ec b act.7080
80e653f0 b eth_devices
80e653f4 B NetOurEther
80e653fc B NetServerIP
80e65400 b NetRestarted
80e65404 B net_state
80e65408 B NetRxPackets
80e66b78 B NetBootFileSize
80e66b7a B NetEtherNullAddr
80e66b80 B NetRxPacket
80e66b84 b udp_packet_handler
80e66b88 b NetDevExists
80e66b8c b timeStart
80e66b90 b timeHandler
80e66b94 b NetTryCount
80e66b98 b env_changed_id.6674
80e66b9c B NetOurDNSIP
80e66ba0 B NetOurSubnetMask
80e66ba4 B NetTxPacket
80e66ba8 B NetBootFileXferSize
80e66bac B NetOurIP
80e66bb0 B NetOurHostName
80e66bd0 B NetOurNISDomain
80e66bf0 B NetIPID
80e66bf4 B NetOurGatewayIP
80e66bf8 b arp_packet_handler
80e66bfc b timeDelta
80e66c00 B NetRestartWrap
80e66c04 B BootFile
80e66c84 B NetServerEther
80e66c8a b PktBuf
81099aca B NetOurRootPath
81099b0c B NetPingIP
81099b10 b PingSeqNo
81099b14 b time_start
81099b18 b TftpTimeoutCount
81099b1c b TftpBlockWrap
81099b20 b TftpBlock
81099b24 b TftpOurPort
81099b28 b TftpRemoteIP
81099b2c b TftpState
81099b30 b TftpRemotePort
81099b34 b default_filename
81099b41 b tftp_filename
81099bc4 b TftpBlockWrapOffset
81099bc8 b TftpLastBlock
81099bcc B spl_mtdparts
81099c1c B flash_info
810a3c48 B __bss_end
810a3c48 B __bss_limit
