spinand_sf_probe.c:427:12:set_feature	32	static
spinand_sf_probe.c:411:12:get_feature	24	static
spinand_sf_probe.c:447:12:wait_cmd_finish	16	static
spinand_sf_probe.c:381:4:spinand_IsInit	0	static
spinand_sf_probe.c:392:5:write_enable_spinand	24	static
spinand_sf_probe.c:401:5:write_disable_spinand	24	static
spinand_sf_probe.c:495:5:spi_nand_erase	32	static
spinand_sf_probe.c:761:5:spinand_flash_erase_inter	24	static
spinand_sf_probe.c:542:5:ecc_ctl	24	static
spinand_sf_probe.c:565:6:spi_nand_read_noecc	56	static
spinand_sf_probe.c:1283:6:spinand_isbadblock	48	static
spinand_sf_probe.c:631:5:spi_nand_read	56	static
spinand_sf_probe.c:881:5:spinand_flash_read_inter	2152	static
spinand_sf_probe.c:692:5:spi_nand_write	48	static
spinand_sf_probe.c:798:5:spinand_flash_write_inter	2224	static
spinand_sf_probe.c:1312:6:spinand_setbadblock	56	static
spinand_sf_probe.c:939:5:spinand_flash_read_oob	112	static
spinand_sf_probe.c:1269:6:spinand_set_no_protection	8	static
spinand_sf_probe.c:1217:23:spinand_flash_probe	112	static
spinand_sf_probe.c:1277:6:spinand_flash_free	8	static
spinand_sf_probe.c:1354:6:spinand_erase_partition	32	static
spinand_sf_probe.c:1399:6:spinand_read_partition	64	static
spinand_sf_probe.c:1477:6:spinand_read_partition_with_oob	56	static
spinand_sf_probe.c:1554:6:spinand_write_partition	72	static
spinand_sf_probe.c:1638:6:spinand_write_partition_with_oob	64	static
