mmc.c:554:12:mmc_set_capacity	16	static
mmc.c:37:12:board_mmc_getwp	0	static
mmc.c:42:5:mmc_getwp	8	static
mmc.c:58:5:__board_mmc_getcd	0	static
mmc.c:65:5:mmc_send_cmd	0	static
mmc.c:291:12:mmc_go_idle	40	static
mmc.c:380:12:mmc_send_op_cond_iter	16	static
mmc.c:464:12:mmc_send_ext_csd	56	static
mmc.c:122:5:mmc_send_status	48	static
mmc.c:486:12:mmc_switch.isra.1	40	static
mmc.c:170:5:mmc_set_blocklen	40	static
mmc.c:181:13:find_mmc_device	8	static
mmc.c:256:14:mmc_bread	80	static
mmc.c:403:5:mmc_send_op_cond	48	static
mmc.c:425:5:mmc_complete_op_cond	48	static
mmc.c:584:5:mmc_switch_part	16	static
mmc.c:601:5:mmc_getcd	8	static
mmc.c:815:6:mmc_set_clock	8	static
mmc.c:930:12:mmc_startup	1456	static
mmc.c:1404:5:mmc_register	0	static
mmc.c:1434:5:mmc_start_init	64	static
mmc.c:1559:5:mmc_init	8	static
mmc.c:1424:19:mmc_get_dev	8	static
mmc.c:1596:12:__def_mmc_init	0	static
mmc.c:1606:6:print_mmc_devices	24	static
mmc.c:1627:5:get_mmc_num	0	static
mmc.c:1632:6:mmc_set_preinit	0	static
mmc.c:1651:5:mmc_initialize	32	static
